calculator/model/exceptions/OverflowException.class
calculator/model/handler/ExpressionResolver.class
calculator/controller/utils/Symbol.class
calculator/model/data/HistoryUnit.class
calculator/controller/CalculatorController.class
calculator/model/exceptions/ResultIsUndefinedException.class
calculator/model/data/Operator.class
calculator/view/listeners/ResizeListener.class
calculator/controller/utils/DecimalViewFormer.class
calculator/model/data/History.class
calculator/model/exceptions/InvalidInputException.class
calculator/model/handler/HistoryHandler.class
calculator/model/handler/MemoryHandler.class
calculator/view/listeners/AdditionalBlocksListener.class
calculator/view/handlers/AutoResizeNodeHandler.class
calculator/view/handlers/HotkeyHandler.class
calculator/controller/utils/HistoryViewFormer.class
calculator/view/handlers/WindowOptionHandler.class
calculator/view/CalculatorGraphic.class
calculator/model/exceptions/CannotDivideByZeroException.class
calculator/view/handlers/ButtonHandler.class
calculator/view/handlers/AdditionalOptionHandler.class
calculator/CalculatorApp.class
calculator/model/Calculation.class
