com/luqqorp/calculator/view/handlers/ButtonHandler.class
com/luqqorp/calculator/model/data/History.class
com/luqqorp/calculator/view/listeners/AdditionalBlocksListener.class
com/luqqorp/calculator/controller/utils/HistoryViewFormer.class
com/luqqorp/calculator/model/exceptions/ResultIsUndefinedException.class
com/luqqorp/calculator/controller/utils/Symbol.class
com/luqqorp/calculator/view/handlers/AdditionalOptionHandler.class
com/luqqorp/calculator/model/handler/HistoryHandler.class
com/luqqorp/calculator/view/listeners/ResizeListener.class
com/luqqorp/calculator/view/handlers/WindowOptionHandler.class
com/luqqorp/calculator/model/exceptions/CannotDivideByZeroException.class
com/luqqorp/calculator/CalculatorApp.class
com/luqqorp/calculator/model/Calculation.class
com/luqqorp/calculator/controller/utils/DecimalViewFormer.class
com/luqqorp/calculator/controller/CalculatorController.class
com/luqqorp/calculator/view/handlers/AutoResizeNodeHandler.class
com/luqqorp/calculator/model/handler/ExpressionResolver.class
com/luqqorp/calculator/model/data/Operator.class
com/luqqorp/calculator/view/CalculatorGraphic.class
com/luqqorp/calculator/model/handler/MemoryHandler.class
com/luqqorp/calculator/view/handlers/HotkeyHandler.class
com/luqqorp/calculator/model/exceptions/InvalidInputException.class
com/luqqorp/calculator/model/exceptions/OverflowException.class
com/luqqorp/calculator/model/data/HistoryUnit.class
