standard/controller/CalculatorController.class
standard/model/Calculation.class
standard/model/data/HistoryUnit.class
standard/model/data/Operator.class
standard/controller/utils/DecimalViewFormer.class
standard/model/data/History.class
standard/CalculatorApp.class
standard/view/handlers/AdditionalOptionHandler.class
standard/view/handlers/ButtonHandler.class
standard/model/exceptions/InvalidInputException.class
standard/controller/utils/Symbol.class
standard/model/exceptions/CannotDivideByZeroException.class
standard/model/handler/ExpressionResolver.class
standard/controller/utils/HistoryViewFormer.class
standard/view/listeners/ResizeListener.class
standard/view/CalculatorGraphic.class
standard/view/handlers/AutoResizeNodeHandler.class
standard/model/exceptions/ResultIsUndefinedException.class
standard/view/listeners/AdditionalBlocksListener.class
standard/view/handlers/HotkeyHandler.class
standard/model/handler/HistoryHandler.class
standard/model/exceptions/OverflowException.class
standard/view/handlers/WindowOptionHandler.class
standard/model/handler/MemoryHandler.class
