/Users/luqquang/IdeaProjects/calc/src/main/java/standard/view/listeners/ResizeListener.java
/Users/luqquang/IdeaProjects/calc/src/main/java/standard/controller/CalculatorController.java
/Users/luqquang/IdeaProjects/calc/src/main/java/standard/view/handlers/HotkeyHandler.java
/Users/luqquang/IdeaProjects/calc/src/main/java/standard/view/handlers/WindowOptionHandler.java
/Users/luqquang/IdeaProjects/calc/src/main/java/standard/view/listeners/AdditionalBlocksListener.java
/Users/luqquang/IdeaProjects/calc/src/main/java/standard/model/exceptions/CannotDivideByZeroException.java
/Users/luqquang/IdeaProjects/calc/src/main/java/standard/model/handler/ExpressionResolver.java
/Users/luqquang/IdeaProjects/calc/src/main/java/standard/model/data/Operator.java
/Users/luqquang/IdeaProjects/calc/src/main/java/standard/controller/utils/Symbol.java
/Users/luqquang/IdeaProjects/calc/src/main/java/standard/controller/utils/DecimalViewFormer.java
/Users/luqquang/IdeaProjects/calc/src/main/java/standard/CalculatorApp.java
/Users/luqquang/IdeaProjects/calc/src/main/java/standard/model/handler/HistoryHandler.java
/Users/luqquang/IdeaProjects/calc/src/main/java/standard/view/handlers/AdditionalOptionHandler.java
/Users/luqquang/IdeaProjects/calc/src/main/java/standard/controller/utils/HistoryViewFormer.java
/Users/luqquang/IdeaProjects/calc/src/main/java/standard/model/Calculation.java
/Users/luqquang/IdeaProjects/calc/src/main/java/standard/view/handlers/ButtonHandler.java
/Users/luqquang/IdeaProjects/calc/src/main/java/standard/model/exceptions/ResultIsUndefinedException.java
/Users/luqquang/IdeaProjects/calc/src/main/java/standard/model/exceptions/InvalidInputException.java
/Users/luqquang/IdeaProjects/calc/src/main/java/standard/model/exceptions/OverflowException.java
/Users/luqquang/IdeaProjects/calc/src/main/java/standard/model/data/HistoryUnit.java
/Users/luqquang/IdeaProjects/calc/src/main/java/standard/view/handlers/AutoResizeNodeHandler.java
/Users/luqquang/IdeaProjects/calc/src/main/java/standard/model/handler/MemoryHandler.java
/Users/luqquang/IdeaProjects/calc/src/main/java/standard/model/data/History.java
/Users/luqquang/IdeaProjects/calc/src/main/java/standard/view/CalculatorGraphic.java
